// Jest Snapshot v1, https://goo.gl/fbAQLP

exports[`Home Contains Welcome to our page! text 1`] = `
<div
  className="main"
>
  <h1>
    Welcome to our page!
  </h1>
  <p>
    Lorem ipsum dolor sit amet, consectetur adipiscing elit, sed do eiusmod tempor incididunt ut labore et dolore magna aliqua. Scelerisque eu ultrices vitae auctor eu augue ut lectus arcu. Enim ut tellus elementum sagittis. Adipiscing commodo elit at imperdiet dui. Lectus quam id leo in vitae turpis. Vel risus commodo viverra maecenas accumsan lacus. Libero id faucibus nisl tincidunt eget nullam non nisi est. Vel quam elementum pulvinar etiam. Ac felis donec et odio pellentesque diam. Ut tellus elementum sagittis vitae. Non consectetur a erat nam at lectus urna. Vulputate enim nulla aliquet porttitor lacus luctus accumsan. Dolor purus non enim praesent. Lacinia quis vel eros donec ac. Adipiscing elit ut aliquam purus. Facilisis sed odio morbi quis commodo. Faucibus purus in massa tempor nec. Ac turpis egestas maecenas pharetra. Sagittis nisl rhoncus mattis rhoncus urna neque viverra. Ultrices dui sapien eget mi proin sed libero enim.
  </p>
  <p>
    Ultricies integer quis auctor elit sed vulputate mi sit. Lobortis elementum nibh tellus molestie nunc. Ut morbi tincidunt augue interdum. Mauris sit amet massa vitae tortor condimentum lacinia. Sit amet cursus sit amet dictum sit amet justo donec. Donec massa sapien faucibus et molestie ac feugiat. Magna fringilla urna porttitor rhoncus dolor purus non enim. Vitae sapien pellentesque habitant morbi. Fusce id velit ut tortor pretium viverra suspendisse potenti. Risus ultricies tristique nulla aliquet enim tortor. Facilisis gravida neque convallis a cras semper auctor neque vitae. Eu lobortis elementum nibh tellus molestie. Et molestie ac feugiat sed lectus vestibulum.
  </p>
</div>
`;
